

================================================================
== Vivado HLS Report for 'accumulateHW'
================================================================
* Date:           Sat Sep  1 00:00:01 2018

* Version:        2018.1 (Build 2188600 on Wed Apr 04 19:04:02 MDT 2018)
* Project:        abmofParseEvents
* Solution:       solution1
* Product family: zynq
* Target device:  xc7z007sclg225-1


================================================================
== Performance Estimates
================================================================
+ Timing (ns): 
    * Summary: 
    +--------+-------+----------+------------+
    |  Clock | Target| Estimated| Uncertainty|
    +--------+-------+----------+------------+
    |ap_clk  |  10.00|      7.01|        0.10|
    +--------+-------+----------+------------+

+ Latency (clock cycles): 
    * Summary: 
    +-----+-----+-----+-----+---------+
    |  Latency  |  Interval | Pipeline|
    | min | max | min | max |   Type  |
    +-----+-----+-----+-----+---------+
    |    1|   11|    1|   11|   none  |
    +-----+-----+-----+-----+---------+

    + Detail: 
        * Instance: 
        N/A

        * Loop: 
        +-----------------------+-----+-----+----------+-----------+-----------+------+----------+
        |                       |  Latency  | Iteration|  Initiation Interval  | Trip |          |
        |       Loop Name       | min | max |  Latency |  achieved |   target  | Count| Pipelined|
        +-----------------------+-----+-----+----------+-----------+-----------+------+----------+
        |- accumulateHW_label1  |    4|    4|         1|          -|          -|     4|    no    |
        |- accumulateHW_label2  |    4|    4|         1|          -|          -|     4|    no    |
        +-----------------------+-----+-----+----------+-----------+-----------+------+----------+



================================================================
== Utilization Estimates
================================================================
* Summary: 
+-----------------+---------+-------+-------+-------+
|       Name      | BRAM_18K| DSP48E|   FF  |  LUT  |
+-----------------+---------+-------+-------+-------+
|DSP              |        -|      -|      -|      -|
|Expression       |        -|      -|      0|    137|
|FIFO             |        -|      -|      -|      -|
|Instance         |        -|      -|      -|      -|
|Memory           |        -|      -|      -|      -|
|Multiplexer      |        -|      -|      -|     69|
|Register         |        -|      -|   1498|      -|
+-----------------+---------+-------+-------+-------+
|Total            |        0|      0|   1498|    206|
+-----------------+---------+-------+-------+-------+
|Available        |      100|     66|  28800|  14400|
+-----------------+---------+-------+-------+-------+
|Utilization (%)  |        0|      0|      5|      1|
+-----------------+---------+-------+-------+-------+

+ Detail: 
    * Instance: 
    N/A

    * DSP48: 
    N/A

    * Memory: 
    N/A

    * FIFO: 
    N/A

    * Expression: 
    +-------------------------+----------+-------+---+----+------------+------------+
    |      Variable Name      | Operation| DSP48E| FF| LUT| Bitwidth P0| Bitwidth P1|
    +-------------------------+----------+-------+---+----+------------+------------+
    |bvh_d_index_2_fu_209_p2  |     +    |      0|  0|  24|          17|          17|
    |bvh_d_index_3_fu_265_p2  |     +    |      0|  0|  24|          17|          17|
    |tmpTmpData_V_fu_239_p2   |     +    |      0|  0|  13|           4|           1|
    |tmp_35_fu_167_p2         |     +    |      0|  0|  17|          11|          11|
    |yIndex_2_fu_195_p2       |     +    |      0|  0|  12|           3|           1|
    |yIndex_3_fu_251_p2       |     +    |      0|  0|  12|           3|           1|
    |tmp_34_fu_161_p2         |     -    |      0|  0|  17|          11|          11|
    |exitcond3_fu_189_p2      |   icmp   |      0|  0|   9|           3|           4|
    |exitcond_fu_245_p2       |   icmp   |      0|  0|   9|           3|           4|
    +-------------------------+----------+-------+---+----+------------+------------+
    |Total                    |          |      0|  0| 137|          72|          67|
    +-------------------------+----------+-------+---+----+------------+------------+

    * Multiplexer: 
    +-----------------------+----+-----------+-----+-----------+
    |          Name         | LUT| Input Size| Bits| Total Bits|
    +-----------------------+----+-----------+-----+-----------+
    |ap_NS_fsm              |  27|          5|    1|          5|
    |glPLSlices_V_address0  |  15|          3|   10|         30|
    |p_Val2_6_reg_108       |   9|          2|  720|       1440|
    |yIndex1_reg_118        |   9|          2|    3|          6|
    |yIndex_reg_97          |   9|          2|    3|          6|
    +-----------------------+----+-----------+-----+-----------+
    |Total                  |  69|         14|  737|       1487|
    +-----------------------+----+-----------+-----+-----------+

    * Register: 
    +---------------------------+-----+----+-----+-----------+
    |            Name           |  FF | LUT| Bits| Const Bits|
    +---------------------------+-----+----+-----+-----------+
    |ap_CS_fsm                  |    4|   0|    4|          0|
    |glPLSlices_V_addr_reg_299  |   10|   0|   10|          0|
    |p_Val2_4_reg_86            |    4|   0|    4|          0|
    |p_Val2_6_reg_108           |  720|   0|  720|          0|
    |tmpData_V_1_reg_309        |  720|   0|  720|          0|
    |tmpTmpData_V_reg_334       |    4|   0|    4|          0|
    |tmp_36_reg_304             |   15|   0|   15|          0|
    |tmp_s_reg_315              |   15|   0|   17|          2|
    |yIndex1_reg_118            |    3|   0|    3|          0|
    |yIndex_reg_97              |    3|   0|    3|          0|
    +---------------------------+-----+----+-----+-----------+
    |Total                      | 1498|   0| 1500|          2|
    +---------------------------+-----+----+-----+-----------+



================================================================
== Interface
================================================================
* Summary: 
+-----------------------+-----+-----+------------+----------------------+--------------+
|       RTL Ports       | Dir | Bits|  Protocol  |     Source Object    |    C Type    |
+-----------------------+-----+-----+------------+----------------------+--------------+
|ap_clk                 |  in |    1| ap_ctrl_hs |     accumulateHW     | return value |
|ap_rst                 |  in |    1| ap_ctrl_hs |     accumulateHW     | return value |
|ap_start               |  in |    1| ap_ctrl_hs |     accumulateHW     | return value |
|ap_done                | out |    1| ap_ctrl_hs |     accumulateHW     | return value |
|ap_idle                | out |    1| ap_ctrl_hs |     accumulateHW     | return value |
|ap_ready               | out |    1| ap_ctrl_hs |     accumulateHW     | return value |
|x                      |  in |   16|   ap_none  |           x          |    scalar    |
|y                      |  in |   16|   ap_none  |           y          |    scalar    |
|pol                    |  in |    1|   ap_none  |          pol         |    scalar    |
|glPLActiveSliceIdx_V   |  in |    2|   ap_none  | glPLActiveSliceIdx_V |    pointer   |
|glPLSlices_V_address0  | out |   10|  ap_memory |     glPLSlices_V     |     array    |
|glPLSlices_V_ce0       | out |    1|  ap_memory |     glPLSlices_V     |     array    |
|glPLSlices_V_we0       | out |    1|  ap_memory |     glPLSlices_V     |     array    |
|glPLSlices_V_d0        | out |  720|  ap_memory |     glPLSlices_V     |     array    |
|glPLSlices_V_q0        |  in |  720|  ap_memory |     glPLSlices_V     |     array    |
+-----------------------+-----+-----+------------+----------------------+--------------+

